// Vitest Snapshot v1, https://vitest.dev/guide/snapshot.html

exports[`OpenAPI spec snapshot > matches a stable snapshot for routes/api.ts 1`] = `
"{
  "openapi": "3.0.3",
  "info": {
    "title": "ZinTrust Framework",
    "version": "0.0.0"
  },
  "paths": {
    "/": {
      "get": {
        "operationId": "get_",
        "responses": {
          "200": {
            "description": "OK"
          }
        }
      }
    },
    "/health": {
      "get": {
        "operationId": "get_health",
        "responses": {
          "200": {
            "description": "OK"
          }
        }
      }
    },
    "/health/live": {
      "get": {
        "operationId": "get_health_live",
        "responses": {
          "200": {
            "description": "OK"
          }
        }
      }
    },
    "/health/ready": {
      "get": {
        "operationId": "get_health_ready",
        "responses": {
          "200": {
            "description": "OK"
          }
        }
      }
    },
    "/broadcast/health": {
      "get": {
        "operationId": "get_broadcast_health",
        "responses": {
          "200": {
            "description": "OK"
          }
        }
      }
    },
    "/broadcast/send": {
      "post": {
        "operationId": "post_broadcast_send",
        "responses": {
          "200": {
            "description": "OK"
          }
        }
      }
    },
    "/storage/download": {
      "get": {
        "operationId": "get_storage_download",
        "responses": {
          "200": {
            "description": "OK"
          }
        }
      }
    },
    "/api/v1/auth/login": {
      "post": {
        "operationId": "post_api_v1_auth_login",
        "responses": {
          "200": {
            "description": "OK"
          }
        }
      }
    },
    "/api/v1/auth/register": {
      "post": {
        "operationId": "post_api_v1_auth_register",
        "responses": {
          "200": {
            "description": "OK"
          }
        }
      }
    },
    "/api/v1/auth/logout": {
      "post": {
        "operationId": "post_api_v1_auth_logout",
        "responses": {
          "200": {
            "description": "OK"
          }
        }
      }
    },
    "/api/v1/auth/refresh": {
      "post": {
        "operationId": "post_api_v1_auth_refresh",
        "responses": {
          "200": {
            "description": "OK"
          }
        }
      }
    },
    "/api/v1/users": {
      "get": {
        "operationId": "get_api_v1_users",
        "responses": {
          "200": {
            "description": "OK"
          }
        }
      },
      "post": {
        "operationId": "post_api_v1_users",
        "responses": {
          "200": {
            "description": "OK"
          }
        }
      }
    },
    "/api/v1/users/{id}": {
      "get": {
        "operationId": "get_api_v1_users__id",
        "responses": {
          "200": {
            "description": "OK"
          }
        },
        "parameters": [
          {
            "name": "id",
            "in": "path",
            "required": true,
            "schema": {
              "type": "string"
            }
          }
        ]
      },
      "put": {
        "operationId": "put_api_v1_users__id",
        "responses": {
          "200": {
            "description": "OK"
          }
        },
        "parameters": [
          {
            "name": "id",
            "in": "path",
            "required": true,
            "schema": {
              "type": "string"
            }
          }
        ]
      },
      "patch": {
        "operationId": "patch_api_v1_users__id",
        "responses": {
          "200": {
            "description": "OK"
          }
        },
        "parameters": [
          {
            "name": "id",
            "in": "path",
            "required": true,
            "schema": {
              "type": "string"
            }
          }
        ]
      },
      "delete": {
        "operationId": "delete_api_v1_users__id",
        "responses": {
          "200": {
            "description": "OK"
          }
        },
        "parameters": [
          {
            "name": "id",
            "in": "path",
            "required": true,
            "schema": {
              "type": "string"
            }
          }
        ]
      }
    },
    "/api/v1/users/fill": {
      "post": {
        "operationId": "post_api_v1_users_fill",
        "responses": {
          "200": {
            "description": "OK"
          }
        }
      }
    },
    "/api/v1/test/enqueue": {
      "post": {
        "operationId": "post_api_v1_test_enqueue",
        "responses": {
          "200": {
            "description": "OK"
          }
        }
      }
    },
    "/api/v1/test/populate-all": {
      "post": {
        "operationId": "post_api_v1_test_populate_all",
        "responses": {
          "200": {
            "description": "OK"
          }
        }
      }
    },
    "/api/v1/test/worker/start": {
      "post": {
        "operationId": "post_api_v1_test_worker_start",
        "responses": {
          "200": {
            "description": "OK"
          }
        }
      }
    },
    "/api/v1/test/worker/stop": {
      "post": {
        "operationId": "post_api_v1_test_worker_stop",
        "responses": {
          "200": {
            "description": "OK"
          }
        }
      }
    },
    "/api/v1/test/worker/status": {
      "get": {
        "operationId": "get_api_v1_test_worker_status",
        "responses": {
          "200": {
            "description": "OK"
          }
        }
      }
    },
    "/api/v1/users/create": {
      "get": {
        "operationId": "get_api_v1_users_create",
        "responses": {
          "200": {
            "description": "OK"
          }
        }
      }
    },
    "/api/v1/users/{id}/edit": {
      "get": {
        "operationId": "get_api_v1_users__id__edit",
        "responses": {
          "200": {
            "description": "OK"
          }
        },
        "parameters": [
          {
            "name": "id",
            "in": "path",
            "required": true,
            "schema": {
              "type": "string"
            }
          }
        ]
      }
    },
    "/api/v1/profile": {
      "get": {
        "operationId": "get_api_v1_profile",
        "responses": {
          "200": {
            "description": "OK"
          }
        }
      },
      "put": {
        "operationId": "put_api_v1_profile",
        "responses": {
          "200": {
            "description": "OK"
          }
        }
      }
    },
    "/api/v1/posts": {
      "get": {
        "operationId": "get_api_v1_posts",
        "responses": {
          "200": {
            "description": "OK"
          }
        }
      }
    },
    "/api/v1/posts/{id}": {
      "get": {
        "operationId": "get_api_v1_posts__id",
        "responses": {
          "200": {
            "description": "OK"
          }
        },
        "parameters": [
          {
            "name": "id",
            "in": "path",
            "required": true,
            "schema": {
              "type": "string"
            }
          }
        ]
      }
    },
    "/admin/dashboard": {
      "get": {
        "operationId": "get_admin_dashboard",
        "responses": {
          "200": {
            "description": "OK"
          }
        }
      }
    },
    "/admin/users": {
      "get": {
        "operationId": "get_admin_users",
        "responses": {
          "200": {
            "description": "OK"
          }
        }
      }
    }
  }
}"
`;
